// Jest Snapshot v1, https://goo.gl/fbAQLP

exports[`test test 1`] = `
<button
  className="scsstst csstst"
  type="button"
>
  hage
  fuga
</button>
`;
